\BOOKMARK [1][-]{section.1}{\376\377\000I\000n\000t\000r\000o\000d\000u\000c\000a\000o}{}% 1
\BOOKMARK [2][-]{subsection.1.1}{\376\377\000V\000i\000s\000a\000o\000\040\000G\000e\000r\000a\000l\000\040\000d\000o\000\040\000P\000r\000o\000j\000e\000t\000o}{section.1}% 2
\BOOKMARK [1][-]{section.2}{\376\377\000P\000a\000r\000t\000e\000\040\0001\000:\000\040\000E\000s\000t\000r\000u\000t\000u\000r\000a\000s\000\040\000d\000e\000\040\000D\000a\000d\000o\000s\000\040\000e\000\040\000I\000n\000t\000e\000r\000f\000a\000c\000e\000\040\000\050\000L\0001\000-\0002\0002\0005\0004\000\051}{}% 3
\BOOKMARK [2][-]{subsection.2.1}{\376\377\000V\000i\000s\000a\000o\000\040\000G\000e\000r\000a\000l\000\040\000d\000a\000\040\000P\000a\000r\000t\000e\000\040\0001}{section.2}% 4
\BOOKMARK [2][-]{subsection.2.2}{\376\377\000T\000i\000p\000o\000s\000\040\000F\000u\000n\000d\000a\000m\000e\000n\000t\000a\000i\000s\000\040\000\050\000L\0003\0009\000-\0005\0000\000\051}{section.2}% 5
\BOOKMARK [3][-]{subsubsection.2.2.1}{\376\377\000T\000T\000r\000a\000n\000s\000i\000t\000i\000o\000n\000\040\000-\000\040\000R\000e\000c\000o\000r\000d\000\040\000d\000e\000\040\000T\000r\000a\000n\000s\000i\000c\000a\000o\000\040\000\050\000L\0003\0009\000-\0004\0003\000\051}{subsection.2.2}% 6
\BOOKMARK [3][-]{subsubsection.2.2.2}{\376\377\000T\000T\000r\000a\000n\000s\000i\000t\000i\000o\000n\000A\000r\000r\000a\000y\000\040\000-\000\040\000A\000r\000r\000a\000y\000\040\000D\000i\000n\000a\000m\000i\000c\000o\000\040\000\050\000L\0004\0009\000\051}{subsection.2.2}% 7
\BOOKMARK [2][-]{subsection.2.3}{\376\377\000C\000l\000a\000s\000s\000e\000\040\000T\000F\000o\000r\000m\000M\000a\000i\000n\000\040\000-\000\040\000F\000o\000r\000m\000u\000l\000a\000r\000i\000o\000\040\000P\000r\000i\000n\000c\000i\000p\000a\000l\000\040\000\050\000L\0005\0000\000-\0001\0003\0004\000\051}{section.2}% 8
\BOOKMARK [3][-]{subsubsection.2.3.1}{\376\377\000D\000e\000c\000l\000a\000r\000a\000c\000a\000o\000\040\000d\000a\000\040\000C\000l\000a\000s\000s\000e\000\040\000\050\000L\0007\0006\000-\0001\0003\0000\000\051}{subsection.2.3}% 9
\BOOKMARK [2][-]{subsection.2.4}{\376\377\000V\000a\000r\000i\000a\000v\000e\000i\000s\000\040\000G\000l\000o\000b\000a\000i\000s\000\040\000d\000o\000s\000\040\000A\000u\000t\000o\000m\000a\000t\000o\000s\000\040\000\050\000L\0001\0003\0005\000-\0001\0006\0005\000\051}{section.2}% 10
\BOOKMARK [2][-]{subsection.2.5}{\376\377\000D\000e\000c\000l\000a\000r\000a\000c\000o\000e\000s\000\040\000d\000e\000\040\000M\000e\000t\000o\000d\000o\000s\000\040\000P\000r\000i\000v\000a\000d\000o\000s\000\040\000\050\000L\0001\0006\0006\000-\0002\0009\0008\000\051}{section.2}% 11
\BOOKMARK [3][-]{subsubsection.2.5.1}{\376\377\000R\000e\000m\000o\000v\000e\000E\000p\000s\000i\000l\000o\000n\000T\000r\000a\000n\000s\000i\000t\000i\000o\000n\000s\000\040\000\050\000L\0001\0007\0004\000\051}{subsection.2.5}% 12
\BOOKMARK [3][-]{subsubsection.2.5.2}{\376\377\000C\000o\000n\000v\000e\000r\000t\000A\000F\000N\000t\000o\000A\000F\000D\000\040\000\050\000L\0001\0009\0000\000\051}{subsection.2.5}% 13
\BOOKMARK [3][-]{subsubsection.2.5.3}{\376\377\000M\000i\000n\000i\000m\000i\000z\000e\000D\000F\000A\000\040\000\050\000L\0002\0000\0007\000\051}{subsection.2.5}% 14
\BOOKMARK [3][-]{subsubsection.2.5.4}{\376\377\000M\000e\000t\000o\000d\000o\000s\000\040\000A\000u\000x\000i\000l\000i\000a\000r\000e\000s\000\040\000\050\000L\0002\0002\0002\000-\0002\0009\0008\000\051}{subsection.2.5}% 15
\BOOKMARK [2][-]{subsection.2.6}{\376\377\000T\000S\000t\000r\000i\000n\000g\000S\000e\000t\000\040\000-\000\040\000C\000l\000a\000s\000s\000e\000\040\000d\000e\000\040\000C\000o\000n\000j\000u\000n\000t\000o\000s\000\040\000\050\000L\0002\0009\0009\000-\0004\0007\0005\000\051}{section.2}% 16
\BOOKMARK [3][-]{subsubsection.2.6.1}{\376\377\000D\000e\000c\000l\000a\000r\000a\000c\000a\000o\000\040\000d\000a\000\040\000C\000l\000a\000s\000s\000e\000\040\000\050\000L\0002\0009\0009\000-\0003\0001\0001\000\051}{subsection.2.6}% 17
\BOOKMARK [3][-]{subsubsection.2.6.2}{\376\377\000I\000m\000p\000l\000e\000m\000e\000n\000t\000a\000c\000a\000o\000\040\000d\000o\000s\000\040\000M\000e\000t\000o\000d\000o\000s\000\040\000\050\000L\0003\0003\0003\000-\0004\0007\0005\000\051}{subsection.2.6}% 18
\BOOKMARK [2][-]{subsection.2.7}{\376\377\000I\000n\000i\000c\000i\000a\000l\000i\000z\000a\000c\000a\000o\000\040\000d\000a\000\040\000I\000n\000t\000e\000r\000f\000a\000c\000e\000\040\000\050\000L\0004\0008\0008\000-\0005\0007\0001\000\051}{section.2}% 19
\BOOKMARK [2][-]{subsection.2.8}{\376\377\000P\000a\000r\000s\000e\000r\000\040\000J\000S\000O\000N\000\040\000p\000a\000r\000a\000\040\000T\000X\000T\000\040\000\050\000L\0006\0009\0003\000-\0009\0001\0008\000\051}{section.2}% 20
\BOOKMARK [2][-]{subsection.2.9}{\376\377\000L\000o\000a\000d\000S\000a\000m\000p\000l\000e\000F\000i\000l\000e\000\040\000-\000\040\000E\000x\000e\000m\000p\000l\000o\000\040\000P\000a\000d\000r\000a\000o\000\040\000\050\000L\0009\0005\0002\000-\0001\0000\0004\0003\000\051}{section.2}% 21
\BOOKMARK [2][-]{subsection.2.10}{\376\377\000b\000t\000n\000L\000o\000a\000d\000F\000i\000l\000e\000C\000l\000i\000c\000k\000\040\000-\000\040\000C\000a\000r\000r\000e\000g\000a\000r\000\040\000A\000r\000q\000u\000i\000v\000o\000\040\000\050\000L\0001\0000\0008\0005\000-\0001\0001\0007\0000\000\051}{section.2}% 22
\BOOKMARK [2][-]{subsection.2.11}{\376\377\000b\000t\000n\000C\000l\000e\000a\000r\000C\000l\000i\000c\000k\000\040\000-\000\040\000L\000i\000m\000p\000a\000r\000\040\000I\000n\000t\000e\000r\000f\000a\000c\000e\000\040\000\050\000L\0001\0002\0003\0007\000-\0001\0003\0006\0000\000\051}{section.2}% 23
\BOOKMARK [2][-]{subsection.2.12}{\376\377\000b\000t\000n\000R\000e\000m\000o\000v\000e\000E\000p\000s\000i\000l\000o\000n\000C\000l\000i\000c\000k\000\040\000-\000\040\000H\000a\000n\000d\000l\000e\000r\000\040\000E\000p\000s\000i\000l\000o\000n\000\040\000\050\000L\0001\0003\0009\0005\000-\0001\0005\0006\0006\000\051}{section.2}% 24
\BOOKMARK [2][-]{subsection.2.13}{\376\377\000b\000t\000n\000U\000s\000e\000A\000s\000I\000n\000p\000u\000t\000C\000l\000i\000c\000k\000\040\000-\000\040\000C\000o\000p\000i\000a\000r\000\040\000R\000e\000s\000u\000l\000t\000a\000d\000o\000\040\000\050\000L\0001\0006\0000\0003\000-\0001\0007\0002\0000\000\051}{section.2}% 25
\BOOKMARK [2][-]{subsection.2.14}{\376\377\000b\000t\000n\000C\000o\000n\000v\000e\000r\000t\000C\000l\000i\000c\000k\000\040\000-\000\040\000H\000a\000n\000d\000l\000e\000r\000\040\000C\000o\000n\000v\000e\000r\000s\000a\000o\000\040\000\050\000L\0001\0008\0006\0003\000-\0002\0000\0006\0008\000\051}{section.2}% 26
\BOOKMARK [1][-]{section.3}{\376\377\000P\000a\000r\000t\000e\000\040\0002\000:\000\040\000C\000o\000n\000v\000e\000r\000s\000a\000o\000\040\000A\000F\000N\000\040\000p\000a\000r\000a\000\040\000A\000F\000D\000\040\000\050\000L\0002\0009\0005\0008\000-\0003\0007\0009\0005\000\051}{}% 27
\BOOKMARK [2][-]{subsection.3.1}{\376\377\000T\000e\000o\000r\000i\000a\000:\000\040\000C\000o\000n\000s\000t\000r\000u\000c\000a\000o\000\040\000d\000e\000\040\000S\000u\000b\000c\000o\000n\000j\000u\000n\000t\000o\000s}{section.3}% 28
\BOOKMARK [3][-]{subsubsection.3.1.1}{\376\377\000A\000\040\000G\000r\000a\000n\000d\000e\000\040\000I\000d\000e\000i\000a}{subsection.3.1}% 29
\BOOKMARK [3][-]{subsubsection.3.1.2}{\376\377\000M\000o\000t\000i\000v\000a\000c\000a\000o\000:\000\040\000P\000o\000r\000\040\000Q\000u\000e\000\040\000P\000r\000e\000c\000i\000s\000a\000m\000o\000s\000\040\000D\000i\000s\000t\000o\000?}{subsection.3.1}% 30
\BOOKMARK [3][-]{subsubsection.3.1.3}{\376\377\000P\000o\000r\000\040\000Q\000u\000e\000\040\000T\000S\000t\000r\000i\000n\000g\000S\000e\000t\000\040\000e\000\040\000E\000s\000s\000e\000n\000c\000i\000a\000l\000?}{subsection.3.1}% 31
\BOOKMARK [2][-]{subsection.3.2}{\376\377\000E\000s\000t\000r\000u\000t\000u\000r\000a\000\040\000d\000o\000\040\000A\000l\000g\000o\000r\000i\000t\000m\000o\000\040\000C\000o\000n\000v\000e\000r\000t\000A\000F\000N\000t\000o\000A\000F\000D\000\040\000\050\000L\0002\0009\0005\0008\000-\0003\0007\0009\0005\000\051}{section.3}% 32
\BOOKMARK [2][-]{subsection.3.3}{\376\377\000D\000e\000c\000l\000a\000r\000a\000c\000a\000o\000\040\000d\000e\000\040\000V\000a\000r\000i\000a\000v\000e\000i\000s\000\040\000\050\000L\0002\0009\0005\0009\000-\0002\0009\0007\0008\000\051}{section.3}% 33
\BOOKMARK [2][-]{subsection.3.4}{\376\377\000L\000i\000m\000p\000e\000z\000a\000\040\000e\000\040\000I\000n\000i\000c\000i\000a\000l\000i\000z\000a\000c\000a\000o\000\040\000\050\000L\0002\0009\0008\0000\000-\0003\0000\0000\0005\000\051}{section.3}% 34
\BOOKMARK [2][-]{subsection.3.5}{\376\377\000V\000a\000l\000i\000d\000a\000c\000a\000o\000\040\000d\000e\000\040\000E\000n\000t\000r\000a\000d\000a\000\040\000\050\000L\0003\0000\0000\0007\000-\0003\0000\0001\0008\000\051}{section.3}% 35
\BOOKMARK [2][-]{subsection.3.6}{\376\377\000P\000a\000r\000s\000e\000\040\000d\000o\000\040\000A\000l\000f\000a\000b\000e\000t\000o\000\040\000\050\000L\0003\0000\0003\0003\000-\0003\0000\0005\0008\000\051}{section.3}% 36
\BOOKMARK [2][-]{subsection.3.7}{\376\377\000P\000a\000r\000s\000e\000\040\000d\000o\000s\000\040\000E\000s\000t\000a\000d\000o\000s\000\040\000\050\000L\0003\0000\0006\0007\000-\0003\0000\0007\0005\000\051}{section.3}% 37
\BOOKMARK [2][-]{subsection.3.8}{\376\377\000P\000a\000r\000s\000e\000\040\000d\000o\000s\000\040\000E\000s\000t\000a\000d\000o\000s\000\040\000I\000n\000i\000c\000i\000a\000i\000s\000\040\000\050\000L\0003\0000\0008\0004\000-\0003\0000\0009\0002\000\051}{section.3}% 38
\BOOKMARK [2][-]{subsection.3.9}{\376\377\000P\000a\000r\000s\000e\000\040\000d\000o\000s\000\040\000E\000s\000t\000a\000d\000o\000s\000\040\000F\000i\000n\000a\000i\000s\000\040\000\050\000L\0003\0001\0000\0001\000-\0003\0001\0000\0009\000\051}{section.3}% 39
\BOOKMARK [2][-]{subsection.3.10}{\376\377\000P\000a\000r\000s\000e\000\040\000d\000a\000s\000\040\000T\000r\000a\000n\000s\000i\000c\000o\000e\000s\000\040\000\050\000L\0003\0001\0003\0000\000-\0003\0001\0007\0007\000\051}{section.3}% 40
\BOOKMARK [2][-]{subsection.3.11}{\376\377\000A\000v\000i\000s\000o\000\040\000d\000e\000\040\000E\000p\000s\000i\000l\000o\000n\000\040\000\050\000L\0003\0001\0007\0009\000-\0003\0001\0009\0001\000\051}{section.3}% 41
\BOOKMARK [3][-]{subsubsection.3.11.1}{\376\377\000F\000i\000l\000o\000s\000o\000f\000i\000a\000\040\000d\000e\000\040\000V\000a\000l\000i\000d\000a\000c\000a\000o\000:\000\040\000A\000v\000i\000s\000a\000r\000\040\000v\000s\000\040\000B\000l\000o\000q\000u\000e\000a\000r}{subsection.3.11}% 42
\BOOKMARK [2][-]{subsection.3.12}{\376\377\000L\000o\000g\000g\000i\000n\000g\000\040\000d\000a\000\040\000E\000n\000t\000r\000a\000d\000a\000\040\000\050\000L\0003\0002\0000\0006\000-\0003\0002\0001\0007\000\051}{section.3}% 43
\BOOKMARK [2][-]{subsection.3.13}{\376\377\000C\000r\000i\000a\000c\000a\000o\000\040\000d\000a\000s\000\040\000E\000s\000t\000r\000u\000t\000u\000r\000a\000s\000\040\000B\000F\000S\000\040\000\050\000L\0003\0002\0005\0001\000-\0003\0002\0005\0007\000\051}{section.3}% 44
\BOOKMARK [3][-]{subsubsection.3.13.1}{\376\377\000P\000o\000r\000\040\000Q\000u\000e\000\040\000B\000F\000S\000\040\000e\000\040\000N\000a\000o\000\040\000D\000F\000S\000?}{subsection.3.13}% 45
\BOOKMARK [3][-]{subsubsection.3.13.2}{\376\377\000P\000o\000r\000\040\000Q\000u\000e\000\040\000O\000w\000n\000s\000O\000b\000j\000e\000c\000t\000s\000\040\000=\000\040\000T\000r\000u\000e\000?}{subsection.3.13}% 46
\BOOKMARK [2][-]{subsection.3.14}{\376\377\000E\000s\000t\000a\000d\000o\000\040\000I\000n\000i\000c\000i\000a\000l\000\040\000d\000o\000\040\000A\000F\000D\000\040\000\050\000L\0003\0002\0007\0003\000-\0003\0002\0008\0003\000\051}{section.3}% 47
\BOOKMARK [2][-]{subsection.3.15}{\376\377\000L\000o\000o\000p\000\040\000P\000r\000i\000n\000c\000i\000p\000a\000l\000\040\000B\000F\000S\000\040\000\050\000L\0003\0002\0009\0006\000-\0003\0005\0004\0000\000\051}{section.3}% 48
\BOOKMARK [3][-]{subsubsection.3.15.1}{\376\377\000E\000x\000e\000m\000p\000l\000o\000\040\000P\000r\000a\000t\000i\000c\000o\000\040\000P\000a\000s\000s\000o\000-\000a\000-\000P\000a\000s\000s\000o}{subsection.3.15}% 49
\BOOKMARK [2][-]{subsection.3.16}{\376\377\000R\000e\000m\000o\000c\000a\000o\000\040\000d\000a\000\040\000F\000i\000l\000a\000\040\000\050\000L\0003\0003\0000\0008\000-\0003\0003\0001\0001\000\051}{section.3}% 50
\BOOKMARK [2][-]{subsection.3.17}{\376\377\000V\000e\000r\000i\000f\000i\000c\000a\000c\000a\000o\000\040\000d\000e\000\040\000E\000s\000t\000a\000d\000o\000\040\000F\000i\000n\000a\000l\000\040\000\050\000L\0003\0003\0002\0006\000-\0003\0003\0003\0000\000\051}{section.3}% 51
\BOOKMARK [2][-]{subsection.3.18}{\376\377\000L\000o\000o\000p\000\040\000d\000e\000\040\000S\000i\000m\000b\000o\000l\000o\000s\000\040\000\050\000L\0003\0003\0005\0001\000-\0003\0005\0002\0005\000\051}{section.3}% 52
\BOOKMARK [2][-]{subsection.3.19}{\376\377\000C\000a\000l\000c\000u\000l\000o\000\040\000d\000e\000\040\000D\000e\000s\000t\000i\000n\000o\000s\000\040\000\050\000L\0003\0003\0005\0006\000-\0003\0003\0007\0003\000\051}{section.3}% 53
\BOOKMARK [2][-]{subsection.3.20}{\376\377\000T\000r\000a\000t\000a\000m\000e\000n\000t\000o\000\040\000d\000e\000\040\000C\000o\000n\000j\000u\000n\000t\000o\000\040\000V\000a\000z\000i\000o\000\040\000\050\000L\0003\0003\0007\0005\000-\0003\0003\0007\0009\000\051}{section.3}% 54
\BOOKMARK [3][-]{subsubsection.3.20.1}{\376\377\000P\000o\000r\000\040\000Q\000u\000e\000\040\000N\000a\000o\000\040\000A\000d\000i\000c\000i\000o\000n\000a\000r\000\040\000E\000s\000t\000a\000d\000o\000\040\000d\000e\000\040\000E\000r\000r\000o\000?}{subsection.3.20}% 55
\BOOKMARK [2][-]{subsection.3.21}{\376\377\000R\000e\000g\000i\000s\000t\000r\000o\000\040\000d\000e\000\040\000T\000r\000a\000n\000s\000i\000c\000a\000o\000\040\000\050\000L\0003\0003\0009\0005\000-\0003\0004\0000\0009\000\051}{section.3}% 56
\BOOKMARK [2][-]{subsection.3.22}{\376\377\000D\000e\000s\000c\000o\000b\000e\000r\000t\000a\000\040\000d\000e\000\040\000N\000o\000v\000o\000s\000\040\000E\000s\000t\000a\000d\000o\000s\000\040\000\050\000L\0003\0004\0002\0006\000-\0003\0004\0003\0009\000\051}{section.3}% 57
\BOOKMARK [3][-]{subsubsection.3.22.1}{\376\377\000G\000e\000r\000e\000n\000c\000i\000a\000m\000e\000n\000t\000o\000\040\000d\000e\000\040\000M\000e\000m\000o\000r\000i\000a\000\040\000D\000e\000t\000a\000l\000h\000a\000d\000o}{subsection.3.22}% 58
\BOOKMARK [3][-]{subsubsection.3.22.2}{\376\377\000P\000o\000r\000\040\000Q\000u\000e\000\040\000I\000n\000d\000e\000x\000O\000f\000\040\000a\000o\000\040\000I\000n\000v\000e\000s\000\040\000d\000e\000\040\000C\000o\000n\000t\000a\000i\000n\000s\000?}{subsection.3.22}% 59
\BOOKMARK [2][-]{subsection.3.23}{\376\377\000F\000o\000r\000m\000a\000t\000a\000c\000a\000o\000\040\000d\000a\000\040\000S\000a\000i\000d\000a\000\040\000\050\000L\0003\0005\0004\0009\000-\0003\0006\0003\0008\000\051}{section.3}% 60
\BOOKMARK [3][-]{subsubsection.3.23.1}{\376\377\000P\000o\000r\000\040\000Q\000u\000e\000\040\000D\000o\000i\000s\000\040\000D\000e\000s\000t\000i\000n\000o\000s\000\040\000p\000a\000r\000a\000\040\000o\000\040\000R\000e\000s\000u\000l\000t\000a\000d\000o\000?}{subsection.3.23}% 61
\BOOKMARK [3][-]{subsubsection.3.23.2}{\376\377\000F\000o\000r\000m\000a\000t\000o\000\040\000d\000e\000\040\000E\000s\000t\000a\000d\000o\000s\000\040\000d\000o\000\040\000A\000F\000D}{subsection.3.23}% 62
\BOOKMARK [2][-]{subsection.3.24}{\376\377\000H\000a\000b\000i\000l\000i\000t\000a\000c\000a\000o\000\040\000d\000a\000\040\000I\000n\000t\000e\000r\000f\000a\000c\000e\000\040\000\050\000L\0003\0006\0004\0000\000-\0003\0006\0004\0007\000\051}{section.3}% 63
\BOOKMARK [2][-]{subsection.3.25}{\376\377\000L\000i\000m\000p\000e\000z\000a\000\040\000d\000e\000\040\000M\000e\000m\000o\000r\000i\000a\000\040\000\050\000L\0003\0006\0005\0000\000-\0003\0006\0006\0005\000\051}{section.3}% 64
\BOOKMARK [2][-]{subsection.3.26}{\376\377\000P\000a\000i\000n\000t\000\040\000H\000a\000n\000d\000l\000e\000r\000s\000\040\000-\000\040\000D\000e\000s\000e\000n\000h\000o\000\040\000d\000e\000\040\000D\000i\000a\000g\000r\000a\000m\000a\000s\000\040\000\050\000L\0003\0006\0009\0008\000-\0003\0007\0009\0002\000\051}{section.3}% 65
\BOOKMARK [3][-]{subsubsection.3.26.1}{\376\377\000P\000a\000i\000n\000t\000B\000o\000x\000E\000p\000s\000i\000l\000o\000n\000N\000F\000A\000P\000a\000i\000n\000t\000\040\000\050\000L\0003\0006\0009\0008\000-\0003\0007\0001\0000\000\051}{subsection.3.26}% 66
\BOOKMARK [3][-]{subsubsection.3.26.2}{\376\377\000P\000a\000i\000n\000t\000B\000o\000x\000N\000F\000A\000P\000a\000i\000n\000t\000\040\000\050\000L\0003\0007\0001\0002\000-\0003\0007\0001\0008\000\051}{subsection.3.26}% 67
\BOOKMARK [3][-]{subsubsection.3.26.3}{\376\377\000P\000a\000i\000n\000t\000B\000o\000x\000D\000F\000A\000P\000a\000i\000n\000t\000\040\000\050\000L\0003\0007\0002\0000\000-\0003\0007\0004\0001\000\051}{subsection.3.26}% 68
\BOOKMARK [3][-]{subsubsection.3.26.4}{\376\377\000P\000a\000i\000n\000t\000B\000o\000x\000M\000i\000n\000D\000F\000A\000P\000a\000i\000n\000t\000\040\000\050\000L\0003\0007\0004\0003\000-\0003\0007\0006\0004\000\051}{subsection.3.26}% 69
\BOOKMARK [2][-]{subsection.3.27}{\376\377\000C\000o\000m\000p\000l\000e\000x\000i\000d\000a\000d\000e\000\040\000d\000o\000\040\000A\000l\000g\000o\000r\000i\000t\000m\000o\000\040\000C\000o\000m\000p\000l\000e\000t\000o}{section.3}% 70
\BOOKMARK [2][-]{subsection.3.28}{\376\377\000M\000a\000p\000a\000\040\000C\000o\000m\000p\000l\000e\000t\000o\000\040\000d\000e\000\040\000F\000u\000n\000c\000o\000e\000s}{section.3}% 71
\BOOKMARK [1][-]{section.4}{\376\377\000C\000o\000n\000c\000l\000u\000s\000a\000o}{}% 72
\BOOKMARK [2][-]{subsection.4.1}{\376\377\000R\000e\000s\000u\000m\000o\000\040\000d\000a\000s\000\040\000R\000e\000s\000p\000o\000n\000s\000a\000b\000i\000l\000i\000d\000a\000d\000e\000s}{section.4}% 73
\BOOKMARK [2][-]{subsection.4.2}{\376\377\000P\000o\000n\000t\000o\000s\000-\000C\000h\000a\000v\000e\000\040\000p\000a\000r\000a\000\040\000A\000p\000r\000e\000s\000e\000n\000t\000a\000c\000a\000o}{section.4}% 74
\BOOKMARK [2][-]{subsection.4.3}{\376\377\000C\000o\000m\000p\000l\000e\000x\000i\000d\000a\000d\000e\000\040\000d\000o\000\040\000A\000l\000g\000o\000r\000i\000t\000m\000o}{section.4}% 75
